Setting up configuration... Done
Generating rockspec... Done
Installing dependencies... Done
Building vendor archive... Done
Calculating requires... Done
Amalgamating... Done
Cleaning up result... Done
