Setting up configuration... Done
Calculating requires... Done
Amalgamating... Done
Cleaning up result... Done
